
Elitestek FPGA Placement and Routing.
Version: 2026.1.132.4.5 
Date: Thu Oct  8 07:55:34 2026

Copyright (C) 2013 - 2026 Efinix, Inc. All rights reserved.
 
Family: Titanium 
Device: Ti60F225
Top-level Entity Name: iris_ws

---------- IO Interface Summary (begin) ----------

+------------------------+--------------+
| Missing Interface Pins | Input/Output |
+------------------------+--------------+
|    jtag_inst1_DRCK     |    Input     |
|     jtag_inst1_TMS     |    Input     |
|   jtag_inst1_RUNTEST   |    Input     |
|        mipi_fb         |    Input     |
|           FB           |    Input     |
|    i_cam_ck_LP_P_IN    |    Input     |
|    i_cam_ck_LP_N_IN    |    Input     |
+------------------------+--------------+

----------- IO Interface Summary (end) ----------


---------- Module Resource Usage Distribution Estimates (begin) ----------

'Module Resource Usage Distribution Estimates' table printed in: outflow/iris_ws.hier_util.rpt

----------- Module Resource Usage Distribution Estimates (end) ----------

Elapsed time for packing: 0 hours 0 minutes 3 seconds
---------- Resource Summary (begin) ----------
Inputs: 112 / 1703 (6.58%)
Outputs: 259 / 2267 (11.42%)
Global Clocks (GBUF): 14 / 32 (43.75%)
Regional Clocks (RBUF): 1 / 32 (3.12%)
	RBUF: Core: 0 / 16 (0.00%)
	RBUF: Periphery: 1 / 8 (12.50%)
	RBUF: Multi-Region: 0 / 8 (0.00%)
XLRs: 58954 / 60800 (96.96%)
	XLRs needed for LUT4: 24753 / 60800 (40.71%)
	XLRs needed for LUT4 + FF: 11596 / 60800 (19.07%)
	XLRs needed for COMB4: 0 / 60800 (0.00%)
	XLRs needed for COMB4 + FF: 0 / 60800 (0.00%)
	XLRs needed for Adder: 4826 / 60800 (7.94%)
	XLRs needed for Adder + FF: 2492 / 60800 (4.10%)
	XLRs needed for SRL8: 704 / 14720 (4.78%)
	XLRs needed for SRL8 + FF: 0 / 14720 (0.00%)
	XLRs needed for FF: 14583 / 60800 (23.99%)
	XLRs needed for Routing: 0 / 60800 (0.00%)
Memory Blocks: 251 / 256 (98.05%)
DSP Blocks: 50 / 160 (31.25%)
---------- Resource Summary (end) ----------

Elapsed time for placement: 0 hours 1 minutes 1 seconds
